openapi: 3.0.0
info:
  title: multiple method with same tag.
  version: 0.0.1
tags:
  - name: tag_1
    description: tag 1.
paths:
  /multiple-method-with-same-tag:
    get:
      operationId: getMethod
      tags:
        - tag_1
      responses:
        '200':
          description: Successful operation
    post:
      operationId: postMethod
      tags:
        - tag_1
      responses:
        '200':
          description: Successful operation
