openapi: 3.0.0
info:
  title: single tag.
  version: 0.0.1
tags:
  - name: tag_1
    description: tag 1.
  - name: tag_2
    description: tag 2.
paths:
  /single-tag:
    get:
      operationId: getMethod
      tags:
        - tag_1
      responses:
        '200':
          description: Successful operation
