openapi: 3.0.0
info:
  title: zero tag.
  version: 0.0.1
tags:
  - name: tag_1
    description: tag 1.
  - name: tag_2
    description: tag 2.
paths:
  /zero-tag:
    get:
      operationId: getMethod
      responses:
        '200':
          description: Successful operation
